Resolving dependencies...
Downloading packages...
  _fe_analyzer_shared 105.0.0 (108.0.0 available)
  analyzer 14.1.0 (14.4.0 available)
  archive 4.2.0 (4.3.0 available)
  cli_util 0.4.2 (0.6.0 available)
  code_assets 1.2.1 (2.0.0 available)
  dartssh2 3.0.2 (4.1.0 available)
  flutter_secure_storage 10.3.1 (11.1.1 available)
  flutter_secure_storage_darwin 0.3.2 (0.4.2 available)
  flutter_secure_storage_linux 3.0.2 (3.0.3 available)
  flutter_secure_storage_platform_interface 2.0.3 (2.1.0 available)
  hooks 2.0.2 (2.2.0 available)
  material_color_utilities 0.13.0 (0.13.1 available)
  meta 1.18.3 (1.19.0 available)
  objective_c 9.5.0 (9.6.0 available)
  platform 3.1.6 (3.2.0 available)
  record_use 0.6.0 (1.1.1 available)
  test_api 0.7.12 (0.7.14 available)
  vector_math 2.4.0 (2.4.2 available)
Got dependencies!
18 packages have newer versions incompatible with dependency constraints.
Try `flutter pub outdated` for more information.
00:00 +0: loading /home/paseo/workspace/Poltergeist/app/poltergeist_app/test/services/pane_reconnect_test.dart
00:00 +0: /home/paseo/workspace/Poltergeist/app/poltergeist_app/test/services/pane_reconnect_test.dart: transport loss disables commands without a failed navigation
00:00 +1: /home/paseo/workspace/Poltergeist/app/poltergeist_app/test/services/pane_reconnect_test.dart: status-only recovery relists the retained channel before enabling verbs
00:00 +2: /home/paseo/workspace/Poltergeist/app/poltergeist_app/test/services/pane_reconnect_test.dart: a pre-loss listing cannot repaint or clear recovery
00:00 +3: /home/paseo/workspace/Poltergeist/app/poltergeist_app/test/services/pane_reconnect_test.dart: failed healing retains cache and explicit retry reopens only this pane
00:00 +4: /home/paseo/workspace/Poltergeist/app/poltergeist_app/test/services/pane_reconnect_test.dart: connected status alone cannot dismiss the cached-loss banner
00:00 +5: /home/paseo/workspace/Poltergeist/app/poltergeist_app/test/ui/panes/pane_view_test.dart: loss owns the overlay until a healed listing succeeds
══╡ EXCEPTION CAUGHT BY FLUTTER TEST FRAMEWORK ╞════════════════════════════════════════════════════
The following TestFailure was thrown running a test:
Expected: exactly one matching candidate
  Actual: _KeyWidgetFinder:<Found 0 widgets with key [<'pane.banner.retry'>]: []>
   Which: means none were found but one was expected

When the exception was thrown, this was the stack:
#4      main.<anonymous closure> (file:///home/paseo/workspace/Poltergeist/app/poltergeist_app/test/ui/panes/pane_view_test.dart:169:5)
<asynchronous suspension>
#5      testWidgets.<anonymous closure>.<anonymous closure> (package:flutter_test/src/widget_tester.dart:192:15)
<asynchronous suspension>
#6      TestWidgetsFlutterBinding._runTestBody (package:flutter_test/src/binding.dart:1953:5)
<asynchronous suspension>
<asynchronous suspension>
(elided one frame from package:stack_trace)

This was caught by the test expectation on the following line:
  file:///home/paseo/workspace/Poltergeist/app/poltergeist_app/test/ui/panes/pane_view_test.dart line 169
The test description was:
  loss owns the overlay until a healed listing succeeds
════════════════════════════════════════════════════════════════════════════════════════════════════
00:01 +5 -1: /home/paseo/workspace/Poltergeist/app/poltergeist_app/test/ui/panes/workspace_panes_test.dart: panes browse the local home through the engine seam
00:01 +5 -1: /home/paseo/workspace/Poltergeist/app/poltergeist_app/test/ui/panes/pane_view_test.dart: loss owns the overlay until a healed listing succeeds [E]
  Test failed. See exception logs above.
  The test description was: loss owns the overlay until a healed listing succeeds
  
00:01 +6 -1: /home/paseo/workspace/Poltergeist/app/poltergeist_app/test/ui/panes/workspace_panes_test.dart: panes browse the local home through the engine seam
00:01 +7 -1: /home/paseo/workspace/Poltergeist/app/poltergeist_app/test/ui/panes/workspace_panes_test.dart: panes browse the local home through the engine seam
00:01 +8 -1: /home/paseo/workspace/Poltergeist/app/poltergeist_app/test/ui/panes/workspace_panes_test.dart: panes browse the local home through the engine seam
00:02 +9 -1: /home/paseo/workspace/Poltergeist/app/poltergeist_app/test/ui/panes/workspace_panes_test.dart: panes browse the local home through the engine seam
00:02 +10 -1: /home/paseo/workspace/Poltergeist/app/poltergeist_app/test/ui/panes/workspace_panes_test.dart: panes browse the local home through the engine seam
00:02 +11 -1: /home/paseo/workspace/Poltergeist/app/poltergeist_app/test/ui/panes/workspace_panes_test.dart: panes browse the local home through the engine seam
00:02 +12 -1: /home/paseo/workspace/Poltergeist/app/poltergeist_app/test/ui/panes/pane_view_test.dart: arrow keys move the cursor and Enter opens a directory
00:02 +13 -1: /home/paseo/workspace/Poltergeist/app/poltergeist_app/test/ui/panes/workspace_panes_test.dart: toolbar refresh becomes available after initial binding
00:02 +14 -1: /home/paseo/workspace/Poltergeist/app/poltergeist_app/test/ui/panes/workspace_panes_test.dart: toolbar refresh becomes available after initial binding
00:02 +15 -1: /home/paseo/workspace/Poltergeist/app/poltergeist_app/test/ui/panes/workspace_panes_test.dart: toolbar refresh becomes available after initial binding
00:02 +16 -1: /home/paseo/workspace/Poltergeist/app/poltergeist_app/test/ui/panes/pane_view_test.dart: Shift+Tab does not swap panes (reverse traversal keeps it)
00:02 +17 -1: /home/paseo/workspace/Poltergeist/app/poltergeist_app/test/ui/panes/workspace_panes_test.dart: toolbar open follows cursor and active pane changes
00:02 +18 -1: /home/paseo/workspace/Poltergeist/app/poltergeist_app/test/ui/panes/workspace_panes_test.dart: toolbar open follows cursor and active pane changes
00:02 +19 -1: /home/paseo/workspace/Poltergeist/app/poltergeist_app/test/ui/panes/workspace_panes_test.dart: toolbar open follows cursor and active pane changes
00:02 +20 -1: /home/paseo/workspace/Poltergeist/app/poltergeist_app/test/ui/panes/workspace_panes_test.dart: toolbar open follows cursor and active pane changes
00:02 +21 -1: /home/paseo/workspace/Poltergeist/app/poltergeist_app/test/ui/panes/pane_view_test.dart: plain Backspace falls through on macOS
00:02 +22 -1: /home/paseo/workspace/Poltergeist/app/poltergeist_app/test/ui/panes/workspace_panes_test.dart: toolbar parent tracks pending and completed listings
00:03 +23 -1: /home/paseo/workspace/Poltergeist/app/poltergeist_app/test/ui/panes/workspace_panes_test.dart: toolbar parent tracks pending and completed listings
00:03 +24 -1: /home/paseo/workspace/Poltergeist/app/poltergeist_app/test/ui/panes/pane_view_test.dart: every fault variant renders its ARB sentence, never the sentinel
00:03 +25 -1: /home/paseo/workspace/Poltergeist/app/poltergeist_app/test/ui/panes/workspace_panes_test.dart: placeholder panes are gone; the demo command is retired
00:03 +26 -1: /home/paseo/workspace/Poltergeist/app/poltergeist_app/test/ui/panes/workspace_panes_test.dart: placeholder panes are gone; the demo command is retired
00:03 +27 -1: /home/paseo/workspace/Poltergeist/app/poltergeist_app/test/ui/panes/pane_view_test.dart: reconnecting renders the connection-lost banner with Cancel
00:03 +28 -1: /home/paseo/workspace/Poltergeist/app/poltergeist_app/test/ui/panes/workspace_panes_test.dart: Ctrl+R refreshes the focused pane only
00:03 +29 -1: /home/paseo/workspace/Poltergeist/app/poltergeist_app/test/ui/panes/workspace_panes_test.dart: Ctrl+R refreshes the focused pane only
00:03 +30 -1: /home/paseo/workspace/Poltergeist/app/poltergeist_app/test/ui/panes/pane_view_test.dart: a navigation from a scrolled listing reveals the top
00:03 +31 -1: /home/paseo/workspace/Poltergeist/app/poltergeist_app/test/ui/panes/pane_view_test.dart: a navigation from a scrolled listing reveals the top
00:03 +32 -1: /home/paseo/workspace/Poltergeist/app/poltergeist_app/test/ui/panes/workspace_panes_test.dart: pane focus commands move focus between panes
00:03 +33 -1: /home/paseo/workspace/Poltergeist/app/poltergeist_app/test/ui/panes/workspace_panes_test.dart: pane focus commands move focus between panes
00:03 +34 -1: /home/paseo/workspace/Poltergeist/app/poltergeist_app/test/ui/panes/workspace_panes_test.dart: pane focus commands move focus between panes
00:03 +35 -1: /home/paseo/workspace/Poltergeist/app/poltergeist_app/test/ui/panes/workspace_panes_test.dart: pane focus commands move focus between panes
00:03 +36 -1: /home/paseo/workspace/Poltergeist/app/poltergeist_app/test/ui/panes/workspace_panes_test.dart: without an engine the panes render the no-engine state
00:03 +37 -1: /home/paseo/workspace/Poltergeist/app/poltergeist_app/test/ui/panes/workspace_panes_test.dart: a session arriving later gains live connections truth
00:04 +38 -1: /home/paseo/workspace/Poltergeist/app/poltergeist_app/test/ui/panes/workspace_panes_test.dart: a remote bookmark opens in the active pane from Connections
00:04 +39 -1: Some tests failed.

Failing tests:
  /home/paseo/workspace/Poltergeist/app/poltergeist_app/test/ui/panes/pane_view_test.dart: loss owns the overlay until a healed listing succeeds
