Resolving dependencies...
Downloading packages...
  _fe_analyzer_shared 105.0.0 (108.0.0 available)
  analyzer 14.1.0 (14.4.0 available)
  archive 4.2.0 (4.3.0 available)
  cli_util 0.4.2 (0.6.0 available)
  code_assets 1.2.1 (2.0.0 available)
  dartssh2 3.0.2 (4.1.0 available)
  flutter_secure_storage 10.3.1 (11.1.1 available)
  flutter_secure_storage_darwin 0.3.2 (0.4.2 available)
  flutter_secure_storage_linux 3.0.2 (3.0.3 available)
  flutter_secure_storage_platform_interface 2.0.3 (2.1.0 available)
  hooks 2.0.2 (2.2.0 available)
  material_color_utilities 0.13.0 (0.13.1 available)
  meta 1.18.3 (1.19.0 available)
  objective_c 9.5.0 (9.6.0 available)
  platform 3.1.6 (3.2.0 available)
  record_use 0.6.0 (1.1.1 available)
  test_api 0.7.12 (0.7.14 available)
  vector_math 2.4.0 (2.4.2 available)
Got dependencies!
18 packages have newer versions incompatible with dependency constraints.
Try `flutter pub outdated` for more information.
00:00 +0: loading /home/paseo/.paseo/poltergeist-loop/tasks/pr84-supervisor-reconnect_test.dart
00:00 +0: transport loss disables commands without a failed navigation
00:00 +0 -1: transport loss disables commands without a failed navigation [E]
  Expected: false
    Actual: <true>
  02 UX section 2.7 disables actions on cached disconnected data
  
  package:matcher                                                                     expect
  package:flutter_test/src/widget_tester.dart 473:18                                  expect
  /home/paseo/.paseo/poltergeist-loop/tasks/pr84-supervisor-reconnect_test.dart 58:5  main.<fn>
  
00:00 +0 -1: connected status alone cannot dismiss the cached-loss banner
00:00 +0 -2: connected status alone cannot dismiss the cached-loss banner [E]
  Expected: true
    Actual: <false>
  02 UX section 2.7 clears only after a healed listing arrives
  
  package:matcher                                                                     expect
  package:flutter_test/src/widget_tester.dart 473:18                                  expect
  /home/paseo/.paseo/poltergeist-loop/tasks/pr84-supervisor-reconnect_test.dart 78:7  main.<fn>
  
00:00 +0 -2: Some tests failed.

Failing tests:
  /home/paseo/.paseo/poltergeist-loop/tasks/pr84-supervisor-reconnect_test.dart: connected status alone cannot dismiss the cached-loss banner
  /home/paseo/.paseo/poltergeist-loop/tasks/pr84-supervisor-reconnect_test.dart: transport loss disables commands without a failed navigation
