Resolving dependencies...
Downloading packages...
  _fe_analyzer_shared 105.0.0 (108.0.0 available)
  analyzer 14.1.0 (14.4.0 available)
  archive 4.2.0 (4.3.0 available)
  cli_util 0.4.2 (0.6.0 available)
  code_assets 1.2.1 (2.0.0 available)
  dartssh2 3.0.2 (4.1.0 available)
  flutter_secure_storage 10.3.1 (11.1.1 available)
  flutter_secure_storage_darwin 0.3.2 (0.4.2 available)
  flutter_secure_storage_linux 3.0.2 (3.0.3 available)
  flutter_secure_storage_platform_interface 2.0.3 (2.1.0 available)
  hooks 2.0.2 (2.2.0 available)
  material_color_utilities 0.13.0 (0.13.1 available)
  meta 1.18.3 (1.19.0 available)
  objective_c 9.5.0 (9.6.0 available)
  platform 3.1.6 (3.2.0 available)
  record_use 0.6.0 (1.1.1 available)
  test_api 0.7.12 (0.7.14 available)
  vector_math 2.4.0 (2.4.2 available)
Got dependencies!
18 packages have newer versions incompatible with dependency constraints.
Try `flutter pub outdated` for more information.
00:00 +0: loading /home/paseo/workspace/Poltergeist/app/poltergeist_app/test/ui/panes/workspace_panes_test.dart
00:00 +0: panes browse the local home through the engine seam
00:00 +1: toolbar refresh becomes available after initial binding
00:01 +2: toolbar open follows cursor and active pane changes
00:01 +3: toolbar parent tracks pending and completed listings
00:01 +4: placeholder panes are gone; the demo command is retired
00:01 +5: Ctrl+R refreshes the focused pane only
00:01 +6: Meta+R refreshes on macOS
00:01 +7: pane focus commands move focus between panes
00:02 +8: without an engine the panes render the no-engine state
00:02 +9: a session arriving later gains live connections truth
00:02 +10: a remote bookmark opens in the active pane from Connections
00:02 +11: All tests passed!
