Resolving dependencies...
Downloading packages...
  _fe_analyzer_shared 105.0.0 (108.0.0 available)
  analyzer 14.1.0 (14.4.0 available)
  cli_util 0.4.2 (0.6.0 available)
  code_assets 1.2.1 (2.0.0 available)
  dartssh2 3.0.2 (4.1.0 available)
  flutter_secure_storage 10.3.1 (11.1.1 available)
  flutter_secure_storage_darwin 0.3.2 (0.4.2 available)
  flutter_secure_storage_linux 3.0.2 (3.0.3 available)
  flutter_secure_storage_platform_interface 2.0.3 (2.1.0 available)
  hooks 2.0.2 (2.2.0 available)
  material_color_utilities 0.13.0 (0.13.1 available)
  meta 1.18.3 (1.19.0 available)
  objective_c 9.5.0 (9.6.0 available)
  platform 3.1.6 (3.2.0 available)
  record_use 0.6.0 (1.1.1 available)
  test_api 0.7.12 (0.7.14 available)
  vector_math 2.4.0 (2.4.2 available)
Got dependencies!
17 packages have newer versions incompatible with dependency constraints.
Try `flutter pub outdated` for more information.
00:00 +0: loading /home/paseo/workspace/Poltergeist/app/poltergeist_app/test/services/pane_cancel_regressions_test.dart
00:00 +0: /home/paseo/workspace/Poltergeist/app/poltergeist_app/test/services/pane_cancel_regressions_test.dart: retry on a severed remote channel reopens instead of looping
00:00 +1: /home/paseo/workspace/Poltergeist/app/poltergeist_app/test/services/pane_cancel_regressions_test.dart: a failed reconnect still preserves the user directory on the next retry
00:00 +2: /home/paseo/workspace/Poltergeist/app/poltergeist_app/test/services/pane_cancel_regressions_test.dart: a stale pending path never leaks into another bookmark
00:00 +3: /home/paseo/workspace/Poltergeist/app/poltergeist_app/test/services/pane_cancel_regressions_test.dart: an old listing cannot consume a newer failed bind landing path
00:00 +4: /home/paseo/workspace/Poltergeist/app/poltergeist_app/test/services/pane_cancel_regressions_test.dart: a dead status lane cannot latch the connection-lost banner
00:00 +5: /home/paseo/workspace/Poltergeist/app/poltergeist_app/test/services/pane_cancel_regressions_test.dart: a cleanly closed status lane cannot latch the connection-lost banner
00:00 +6: /home/paseo/workspace/Poltergeist/app/poltergeist_app/test/services/pane_cancel_regressions_test.dart: cancelRecovery during an in-flight connect invalidates the bind
00:00 +7: /home/paseo/workspace/Poltergeist/app/poltergeist_app/test/services/pane_cancel_regressions_test.dart: a failed bind clears the stale connection-lost banner
00:00 +8: /home/paseo/workspace/Poltergeist/app/poltergeist_app/test/services/pane_controller_test.dart: openLocalHome binds home, lists it, sorts directories first
00:00 +9: /home/paseo/workspace/Poltergeist/app/poltergeist_app/test/services/pane_controller_test.dart: dotfiles are hidden by default
00:00 +10: /home/paseo/workspace/Poltergeist/app/poltergeist_app/test/services/pane_controller_test.dart: navigation issues optimistically and accepts current listings
00:00 +11: /home/paseo/workspace/Poltergeist/app/poltergeist_app/test/services/pane_controller_test.dart: stale listing responses are dropped on arrival
00:00 +12: /home/paseo/workspace/Poltergeist/app/poltergeist_app/test/services/pane_controller_test.dart: error answers keep stale entries and disable verbs until retry
00:00 +13: /home/paseo/workspace/Poltergeist/app/poltergeist_app/test/services/pane_controller_test.dart: Esc cancel restores the last quiescent snapshot, including errors
00:00 +14: /home/paseo/workspace/Poltergeist/app/poltergeist_app/test/services/pane_controller_test.dart: connectRemote subscribes to state before opening the channel
00:00 +15: /home/paseo/workspace/Poltergeist/app/poltergeist_app/test/services/pane_controller_test.dart: connectRemote navigates to the bookmark remotePath, not home
00:00 +16: /home/paseo/workspace/Poltergeist/app/poltergeist_app/test/services/pane_controller_test.dart: a connect failure surfaces the typed error and retry reopens
00:00 +17: /home/paseo/workspace/Poltergeist/app/poltergeist_app/test/services/pane_controller_test.dart: rebinding closes the previous channel and drops its server watch
00:00 +18: /home/paseo/workspace/Poltergeist/app/poltergeist_app/test/services/pane_controller_test.dart: verbsEnabled requires a live browsing phase
00:00 +19: /home/paseo/workspace/Poltergeist/app/poltergeist_app/test/services/pane_controller_test.dart: a bookmark without a server identity fails the bind fast
00:00 +20: /home/paseo/workspace/Poltergeist/app/poltergeist_app/test/services/pane_controller_test.dart: dispose closes the channel
00:00 +21: /home/paseo/workspace/Poltergeist/app/poltergeist_app/test/services/pane_controller_test.dart: openEntry navigates directories only
00:00 +22: /home/paseo/workspace/Poltergeist/app/poltergeist_app/test/services/pane_controller_test.dart: goUp navigates to the parent and stops at the root
00:00 +23: /home/paseo/workspace/Poltergeist/app/poltergeist_app/test/services/pane_controller_test.dart: cursor moves within the listing and resets on navigation
00:00 +24: /home/paseo/workspace/Poltergeist/app/poltergeist_app/test/services/pane_controller_test.dart: cancelRecovery after dispose is a no-op
00:00 +25: /home/paseo/workspace/Poltergeist/app/poltergeist_app/test/services/pane_controller_test.dart: a cancelled first listing keeps the remote kind for navigation
00:00 +26: /home/paseo/workspace/Poltergeist/app/poltergeist_app/test/services/pane_controller_test.dart: detaching a shared server leaves the pool for the sibling
00:00 +27: /home/paseo/workspace/Poltergeist/app/poltergeist_app/test/services/pane_controller_test.dart: verbs stay disabled after cancelling the first listing
00:00 +28: /home/paseo/workspace/Poltergeist/app/poltergeist_app/test/services/pane_controller_test.dart: arrow up from no cursor selects the last row
00:00 +29: /home/paseo/workspace/Poltergeist/app/poltergeist_app/test/services/pane_controller_test.dart: a failing local open never rejects the future
══╡ EXCEPTION CAUGHT BY FLUTTER FRAMEWORK ╞═════════════════════════════════════════════════════════
The following StateError was thrown:
Bad state: no local browse channel scripted

When the exception was thrown, this was the stack:
#0      FakePaneLanes.openLocalChannel (file:///home/paseo/workspace/Poltergeist/app/poltergeist_app/test/services/pane_controller_test.dart:31:26)
#1      PaneController.openLocalHome.<anonymous closure> (package:poltergeist_app/services/pane_controller.dart:515:37)
#2      PaneController._bind (package:poltergeist_app/services/pane_controller.dart:454:20)
<asynchronous suspension>
#3      PaneController.openLocalHome (package:poltergeist_app/services/pane_controller.dart:508:5)
<asynchronous suspension>
#4      main.<anonymous closure> (file:///home/paseo/workspace/Poltergeist/app/poltergeist_app/test/services/pane_controller_test.dart:754:5)
<asynchronous suspension>
#5      Declarer.test.<anonymous closure>.<anonymous closure> (package:test_api/src/backend/declarer.dart:253:15)
<asynchronous suspension>
#6      Declarer.test.<anonymous closure> (package:test_api/src/backend/declarer.dart:250:11)
<asynchronous suspension>
#7      Invoker._waitForOutstandingCallbacks.<anonymous closure> (package:test_api/src/backend/invoker.dart:318:9)
<asynchronous suspension>
════════════════════════════════════════════════════════════════════════════════════════════════════
00:00 +30: /home/paseo/workspace/Poltergeist/app/poltergeist_app/test/services/pane_controller_test.dart: the post-first-cancel remote state can still unbind
00:00 +31: /home/paseo/workspace/Poltergeist/app/poltergeist_app/test/services/pane_controller_test.dart: cancelRecovery on a local pane is a no-op
00:00 +32: /home/paseo/workspace/Poltergeist/app/poltergeist_app/test/services/pane_controller_test.dart: reconnecting state raises the connection-lost banner
00:00 +33: All tests passed!
