Resolving dependencies...
Downloading packages...
  _fe_analyzer_shared 105.0.0 (108.0.0 available)
  analyzer 14.1.0 (14.4.0 available)
  cli_util 0.4.2 (0.6.0 available)
  code_assets 1.2.1 (2.0.0 available)
  dartssh2 3.0.2 (4.1.0 available)
  flutter_secure_storage 10.3.1 (11.1.1 available)
  flutter_secure_storage_darwin 0.3.2 (0.4.2 available)
  flutter_secure_storage_linux 3.0.2 (3.0.3 available)
  flutter_secure_storage_platform_interface 2.0.3 (2.1.0 available)
  hooks 2.0.2 (2.2.0 available)
  material_color_utilities 0.13.0 (0.13.1 available)
  meta 1.18.3 (1.19.0 available)
  objective_c 9.5.0 (9.6.0 available)
  platform 3.1.6 (3.2.0 available)
  record_use 0.6.0 (1.1.1 available)
  test_api 0.7.12 (0.7.14 available)
  vector_math 2.4.0 (2.4.2 available)
Got dependencies!
17 packages have newer versions incompatible with dependency constraints.
Try `flutter pub outdated` for more information.
00:00 +0: loading /home/paseo/workspace/Poltergeist/app/poltergeist_app/test/ui/connections/open_inpane_pop_test.dart
00:00 +0: a rapid double-tap opens the pane once and pops one route
00:00 +1: a second tap mid-animation cannot mis-pop
00:00 +2: a vetoed pop does not open a pane behind Connections
══╡ EXCEPTION CAUGHT BY FLUTTER TEST FRAMEWORK ╞════════════════════════════════════════════════════
The following TestFailure was thrown running a test:
Expected: empty
  Actual: ['a']

When the exception was thrown, this was the stack:
#4      main.<anonymous closure> (file:///home/paseo/workspace/Poltergeist/app/poltergeist_app/test/ui/connections/open_inpane_pop_test.dart:148:5)
<asynchronous suspension>
#5      testWidgets.<anonymous closure>.<anonymous closure> (package:flutter_test/src/widget_tester.dart:192:15)
<asynchronous suspension>
#6      TestWidgetsFlutterBinding._runTestBody (package:flutter_test/src/binding.dart:1953:5)
<asynchronous suspension>
<asynchronous suspension>
(elided one frame from package:stack_trace)

This was caught by the test expectation on the following line:
  file:///home/paseo/workspace/Poltergeist/app/poltergeist_app/test/ui/connections/open_inpane_pop_test.dart line 148
The test description was:
  a vetoed pop does not open a pane behind Connections
════════════════════════════════════════════════════════════════════════════════════════════════════
00:01 +2 -1: a vetoed pop does not open a pane behind Connections [E]
  Test failed. See exception logs above.
  The test description was: a vetoed pop does not open a pane behind Connections
  
00:01 +2 -1: a stale row callback cannot pop a covering route
══╡ EXCEPTION CAUGHT BY FLUTTER TEST FRAMEWORK ╞════════════════════════════════════════════════════
The following TestFailure was thrown running a test:
Expected: exactly one matching candidate
  Actual: _TextWidgetFinder:<Found 0 widgets with text "covering route": []>
   Which: means none were found but one was expected

When the exception was thrown, this was the stack:
#4      main.<anonymous closure> (file:///home/paseo/workspace/Poltergeist/app/poltergeist_app/test/ui/connections/open_inpane_pop_test.dart:163:5)
<asynchronous suspension>
#5      testWidgets.<anonymous closure>.<anonymous closure> (package:flutter_test/src/widget_tester.dart:192:15)
<asynchronous suspension>
#6      TestWidgetsFlutterBinding._runTestBody (package:flutter_test/src/binding.dart:1953:5)
<asynchronous suspension>
<asynchronous suspension>
(elided one frame from package:stack_trace)

This was caught by the test expectation on the following line:
  file:///home/paseo/workspace/Poltergeist/app/poltergeist_app/test/ui/connections/open_inpane_pop_test.dart line 163
The test description was:
  a stale row callback cannot pop a covering route
════════════════════════════════════════════════════════════════════════════════════════════════════
00:01 +2 -2: a stale row callback cannot pop a covering route [E]
  Test failed. See exception logs above.
  The test description was: a stale row callback cannot pop a covering route
  
00:01 +2 -2: a single tap pops the connections route and opens the pane
00:01 +3 -2: Some tests failed.

Failing tests:
  /home/paseo/workspace/Poltergeist/app/poltergeist_app/test/ui/connections/open_inpane_pop_test.dart: a stale row callback cannot pop a covering route
  /home/paseo/workspace/Poltergeist/app/poltergeist_app/test/ui/connections/open_inpane_pop_test.dart: a vetoed pop does not open a pane behind Connections
