Refreshing run status every 30 seconds. Press Ctrl+C to quit.

* poltergeist/m3-pane-reconnect-truth GLM 5.3 PR Review L-K-M/Poltergeist#95 · 34776537541
Triggered via pull_request_target about 5 minutes ago

JOBS
* Review PR with GLM 5.3 (ID 103775571385)
  ✓ Set up job
  ✓ Record when the review started
  * Z.ai Code Review
  * Report an unfinished review on the PR
  * Skip when Z.ai API key is unavailable
Refreshing run status every 30 seconds. Press Ctrl+C to quit.

* poltergeist/m3-pane-reconnect-truth GLM 5.3 PR Review L-K-M/Poltergeist#95 · 34776537541
Triggered via pull_request_target about 6 minutes ago

JOBS
* Review PR with GLM 5.3 (ID 103775571385)
  ✓ Set up job
  ✓ Record when the review started
  * Z.ai Code Review
  * Report an unfinished review on the PR
  * Skip when Z.ai API key is unavailable
Refreshing run status every 30 seconds. Press Ctrl+C to quit.

* poltergeist/m3-pane-reconnect-truth GLM 5.3 PR Review L-K-M/Poltergeist#95 · 34776537541
Triggered via pull_request_target about 6 minutes ago

JOBS
* Review PR with GLM 5.3 (ID 103775571385)
  ✓ Set up job
  ✓ Record when the review started
  * Z.ai Code Review
  * Report an unfinished review on the PR
  * Skip when Z.ai API key is unavailable
Refreshing run status every 30 seconds. Press Ctrl+C to quit.

* poltergeist/m3-pane-reconnect-truth GLM 5.3 PR Review L-K-M/Poltergeist#95 · 34776537541
Triggered via pull_request_target about 7 minutes ago

JOBS
* Review PR with GLM 5.3 (ID 103775571385)
  ✓ Set up job
  ✓ Record when the review started
  * Z.ai Code Review
  * Report an unfinished review on the PR
  * Skip when Z.ai API key is unavailable
Refreshing run status every 30 seconds. Press Ctrl+C to quit.

* poltergeist/m3-pane-reconnect-truth GLM 5.3 PR Review L-K-M/Poltergeist#95 · 34776537541
Triggered via pull_request_target about 7 minutes ago

JOBS
* Review PR with GLM 5.3 (ID 103775571385)
  ✓ Set up job
  ✓ Record when the review started
  * Z.ai Code Review
  * Report an unfinished review on the PR
  * Skip when Z.ai API key is unavailable
Refreshing run status every 30 seconds. Press Ctrl+C to quit.

* poltergeist/m3-pane-reconnect-truth GLM 5.3 PR Review L-K-M/Poltergeist#95 · 34776537541
Triggered via pull_request_target about 8 minutes ago

JOBS
* Review PR with GLM 5.3 (ID 103775571385)
  ✓ Set up job
  ✓ Record when the review started
  * Z.ai Code Review
  * Report an unfinished review on the PR
  * Skip when Z.ai API key is unavailable
Refreshing run status every 30 seconds. Press Ctrl+C to quit.

* poltergeist/m3-pane-reconnect-truth GLM 5.3 PR Review L-K-M/Poltergeist#95 · 34776537541
Triggered via pull_request_target about 8 minutes ago

JOBS
* Review PR with GLM 5.3 (ID 103775571385)
  ✓ Set up job
  ✓ Record when the review started
  * Z.ai Code Review
  * Report an unfinished review on the PR
  * Skip when Z.ai API key is unavailable
Refreshing run status every 30 seconds. Press Ctrl+C to quit.

* poltergeist/m3-pane-reconnect-truth GLM 5.3 PR Review L-K-M/Poltergeist#95 · 34776537541
Triggered via pull_request_target about 9 minutes ago

JOBS
* Review PR with GLM 5.3 (ID 103775571385)
  ✓ Set up job
  ✓ Record when the review started
  * Z.ai Code Review
  * Report an unfinished review on the PR
  * Skip when Z.ai API key is unavailable
Refreshing run status every 30 seconds. Press Ctrl+C to quit.

* poltergeist/m3-pane-reconnect-truth GLM 5.3 PR Review L-K-M/Poltergeist#95 · 34776537541
Triggered via pull_request_target about 9 minutes ago

JOBS
* Review PR with GLM 5.3 (ID 103775571385)
  ✓ Set up job
  ✓ Record when the review started
  * Z.ai Code Review
  * Report an unfinished review on the PR
  * Skip when Z.ai API key is unavailable
Refreshing run status every 30 seconds. Press Ctrl+C to quit.

* poltergeist/m3-pane-reconnect-truth GLM 5.3 PR Review L-K-M/Poltergeist#95 · 34776537541
Triggered via pull_request_target about 10 minutes ago

JOBS
* Review PR with GLM 5.3 (ID 103775571385)
  ✓ Set up job
  ✓ Record when the review started
  * Z.ai Code Review
  * Report an unfinished review on the PR
  * Skip when Z.ai API key is unavailable
Refreshing run status every 30 seconds. Press Ctrl+C to quit.

* poltergeist/m3-pane-reconnect-truth GLM 5.3 PR Review L-K-M/Poltergeist#95 · 34776537541
Triggered via pull_request_target about 10 minutes ago

JOBS
* Review PR with GLM 5.3 (ID 103775571385)
  ✓ Set up job
  ✓ Record when the review started
  * Z.ai Code Review
  * Report an unfinished review on the PR
  * Skip when Z.ai API key is unavailable
Refreshing run status every 30 seconds. Press Ctrl+C to quit.

* poltergeist/m3-pane-reconnect-truth GLM 5.3 PR Review L-K-M/Poltergeist#95 · 34776537541
Triggered via pull_request_target about 11 minutes ago

JOBS
* Review PR with GLM 5.3 (ID 103775571385)
  ✓ Set up job
  ✓ Record when the review started
  * Z.ai Code Review
  * Report an unfinished review on the PR
  * Skip when Z.ai API key is unavailable
